qwe
123
regf
wer